<html>
<body>
<pre>
<h1>µVision Build Log</h1>
<h2>Tool Versions:</h2>
IDE-Version: ¦ÌVision V5.16a
Copyright (C) 2015 ARM Ltd and ARM Germany GmbH. All rights reserved.
License Information: WOW WOW, WOW, LIC=IC9PC-7KSWC-043SQ-NAD7J-S64JR-GQQXF
 
Tool Versions:
Toolchain:       MDK-ARM Professional  Version: 5.16a
Toolchain Path:  D:\Program Files (x86)\MDK516A\ARM\ARMCC\Bin
C Compiler:      Armcc.exe V5.06 (build 20)
Assembler:       Armasm.exe V5.06 (build 20)
Linker/Locator:  ArmLink.exe V5.06 (build 20)
Library Manager: ArmAr.exe V5.06 (build 20)
Hex Converter:   FromElf.exe V5.06 (build 20)
CPU DLL:         SARMCM3.DLL V5.16a
Dialog DLL:      DCM.DLL V1.13.2.0
Target DLL:      Segger\JL2CM3.dll V2.99.15.2
Dialog DLL:      TCM.DLL V1.14.5.0
 
<h2>Project:</h2>
F:\FILE\STM32\DEMO\STM32F10xUSBW\Examples\Demos\Virtual_COM_Port\project\VirtualCOMPort.uvprojx
Project File Date:  06/20/2017

<h2>Output:</h2>
*** Using Compiler 'V5.06 (build 20)', folder: 'D:\Program Files (x86)\MDK516A\ARM\ARMCC\Bin'
Build target 'PM001V20'
compiling STM32_WOW.C...
compiling main.c...
compiling A3987_TEST.C...
compiling ADC_Temperature.C...
compiling STM32_IT.c...
compiling ADC_TEST.C...
compiling Buzzer_TEST.C...
compiling CAN_TEST.C...
compiling CD4511BM_TEST.C...
compiling font.c...
compiling FX2N_14MR.C...
compiling LK3U_40MR.C...
compiling MS0800_PC004V10.C...
compiling MS0800_PL001V20.C...
compiling MX25L4006E.C...
compiling MS0800_PM001V20.C...
compiling OLED096_TEST.C...
compiling PWM_TEST.C...
compiling R2A15908SP.C...
compiling SPI_FLASH.C...
compiling SPI_TEST.C...
compiling SPItoUSART.C...
compiling STM32_LCD.C...
compiling TEST.C...
compiling SSD1963.C...
..\..\..\APP\SSD1963.C(641): warning:  #177-D: variable "mode" was declared but never referenced
  	u8 mode=0;
..\..\..\APP\SSD1963.C: 1 warning, 0 errors
compiling TM1618.C...
compiling USART_TEST.C...
compiling USBtoSPI.C...
compiling VirtualCom.C...
compiling PM001V20.C...
compiling STM32_096OLED.C...
compiling STM32_A3987.C...
compiling STM32_ADC.C...
compiling STM32_CD4511BM.C...
compiling STM32_CAN.C...
compiling STM32_CRC.C...
compiling STM32_DAC.C...
compiling STM32_DMA.C...
compiling STM32_EXTI.C...
compiling STM32_GPIO.C...
compiling STM32_I2C.C...
compiling STM32_NVIC.C...
compiling STM32_GT32L32M0180.C...
..\..\..\..\FWLIB\Lib\WOWLIB\SCR\STM32_GT32L32M0180.C(475): warning:  #177-D: variable "len" was declared but never referenced
  	u8 len=0;	//?ý¾Ý³¤¶È±?Á¿
..\..\..\..\FWLIB\Lib\WOWLIB\SCR\STM32_GT32L32M0180.C(476): warning:  #177-D: variable "address" was declared but never referenced
  	u32 address=0;				//??Ö·??Á¿
..\..\..\..\FWLIB\Lib\WOWLIB\SCR\STM32_GT32L32M0180.C(526): warning:  #177-D: variable "len" was declared but never referenced
  	u32 len=0;
..\..\..\..\FWLIB\Lib\WOWLIB\SCR\STM32_GT32L32M0180.C(582): warning:  #177-D: variable "h" was declared but never referenced
  	u32 h=0;
..\..\..\..\FWLIB\Lib\WOWLIB\SCR\STM32_GT32L32M0180.C(583): warning:  #177-D: variable "BaseAdd" was declared but never referenced
  	u32 BaseAdd=0x113D0E; 
..\..\..\..\FWLIB\Lib\WOWLIB\SCR\STM32_GT32L32M0180.C(1368): warning:  #550-D: variable "retry" was set but never used
  	u16 retry=0XFFFF;													//??À´???Ð³?Ê±????
..\..\..\..\FWLIB\Lib\WOWLIB\SCR\STM32_GT32L32M0180.C: 6 warnings, 0 errors
compiling STM32_PWM.C...
compiling STM32_RCC.C...
compiling STM32_RTC.C...
compiling STM32_SPI_Struct.C...
compiling STM32_SPI.C...
compiling STM32_SDCard.C...
..\..\..\..\FWLIB\Lib\WOWLIB\SCR\STM32_SDCard.C(122): warning:  #111-D: statement is unreachable
  	return	Errorstatus;
..\..\..\..\FWLIB\Lib\WOWLIB\SCR\STM32_SDCard.C(646): warning:  #111-D: statement is unreachable
  	return(Errorstatus);
..\..\..\..\FWLIB\Lib\WOWLIB\SCR\STM32_SDCard.C(687): warning:  #177-D: variable "retry" was declared but never referenced
  	unsigned char retry=20;							//??À´???Ð³?Ê±????
..\..\..\..\FWLIB\Lib\WOWLIB\SCR\STM32_SDCard.C(688): warning:  #177-D: variable "r1" was declared but never referenced
  	unsigned char r1=0xFF;							//???Õ·µ»???
..\..\..\..\FWLIB\Lib\WOWLIB\SCR\STM32_SDCard.C(979): warning:  #61-D: integer operation result is out of range
  		SDCard_CID.ProdSN=((CID[9]&0X000000FF<<24)|(CID[10]&0X000000FF<<16)|(CID[11]&0X000000FF<<8)|(CID[12]&0X000000FF));
..\..\..\..\FWLIB\Lib\WOWLIB\SCR\STM32_SDCard.C(999): warning:  #111-D: statement is unreachable
  	return(Errorstatus);
..\..\..\..\FWLIB\Lib\WOWLIB\SCR\STM32_SDCard.C(952): warning:  #550-D: variable "R2" was set but never used
  	unsigned char R2;																		//×´Ì¬Öµ
..\..\..\..\FWLIB\Lib\WOWLIB\SCR\STM32_SDCard.C(1076): warning:  #111-D: statement is unreachable
  	return(Errorstatus);
..\..\..\..\FWLIB\Lib\WOWLIB\SCR\STM32_SDCard.C(1017): warning:  #550-D: variable "R2" was set but never used
  	unsigned char R2;																		//×´Ì¬Öµ
..\..\..\..\FWLIB\Lib\WOWLIB\SCR\STM32_SDCard.C(1203): warning:  #111-D: statement is unreachable
  	return	SDCard_SUCCESS;						
..\..\..\..\FWLIB\Lib\WOWLIB\SCR\STM32_SDCard.C(1119): warning:  #550-D: parameter "Rxbuf" was set but never used
  SDCard_ErrorStatus SDCard_ReadSingleBlock(u32 addr,unsigned char *Rxbuf, u16 BlockSize)
..\..\..\..\FWLIB\Lib\WOWLIB\SCR\STM32_SDCard.C(1122): warning:  #177-D: variable "Errorstatus" was declared but never referenced
  	SDCard_ErrorStatus	Errorstatus = SDCard_SUCCESS;		//SDCard_SUCCESS ?Þ´??ó£?SDCard_ERROR ????
..\..\..\..\FWLIB\Lib\WOWLIB\SCR\STM32_SDCard.C(1126): warning:  #177-D: variable "R2" was declared but never referenced
  	unsigned char R2;																		//×´Ì¬Öµ
..\..\..\..\FWLIB\Lib\WOWLIB\SCR\STM32_SDCard.C: 13 warnings, 0 errors
compiling STM32_SYSLED.C...
compiling STM32_SYS.C...
compiling STM32_SYSTICK.C...
compiling STM32_TOOLS.C...
compiling STM32_TIM.C...
compiling STM32_WDG.C...
compiling STM32_USART.C...
..\..\..\..\FWLIB\Lib\WOWLIB\SCR\STM32_USART.C(88): warning:  #550-D: variable "DMAx_Channelx_IRQChannel" was set but never used
  	u8 DMAx_Channelx_IRQChannel=0;							//DMA?Ð¶?Ô´
..\..\..\..\FWLIB\Lib\WOWLIB\SCR\STM32_USART.C: 1 warning, 0 errors
compiling stm32f10x_adc.c...
compiling stm32f10x_bkp.c...
compiling stm32f10x_crc.c...
compiling stm32f10x_dac.c...
compiling stm32f10x_can.c...
compiling stm32f10x_dbgmcu.c...
compiling stm32f10x_exti.c...
compiling stm32f10x_dma.c...
compiling stm32f10x_flash.c...
compiling stm32f10x_gpio.c...
compiling stm32f10x_fsmc.c...
compiling stm32f10x_i2c.c...
compiling stm32f10x_iwdg.c...
compiling stm32f10x_lib.c...
compiling stm32f10x_nvic.c...
compiling stm32f10x_pwr.c...
compiling stm32f10x_rcc.c...
compiling stm32f10x_rtc.c...
compiling stm32f10x_sdio.c...
compiling stm32f10x_systick.c...
compiling stm32f10x_spi.c...
compiling stm32f10x_usart.c...
compiling stm32f10x_tim.c...
compiling stm32f10x_wwdg.c...
compiling sdcard.c...
compiling diskio.c...
compiling ff.c...
compiling usb_desc.c...
compiling usb_istr.c...
compiling hw_config.c...
compiling usb_prop.c...
compiling usb_pwr.c...
compiling usb_endp.c...
compiling usb_init.c...
compiling usb_core.c...
compiling usb_int.c...
compiling usb_mem.c...
assembling cortexm3_macro.s...
assembling stm32f10x_vector.s...
compiling usb_regs.c...
linking...
Program Size: Code=7816 RO-data=356 RW-data=20 ZI-data=2052  
FromELF: creating hex file...
".\Obj\PM001V20.axf" - 0 Error(s), 21 Warning(s).

<h2>Software Packages used:</h2>

Package Vendor: ARM
                http://www.keil.com/pack/ARM.CMSIS.5.0.0-Beta4.pack
                ARM::CMSIS:CORE:5.0.0
                CMSIS (Cortex Microcontroller Software Interface Standard)
   * Component: CORE Version: 5.0.0

<h2>Collection of Component include folders:</h2>
  F:\FILE\STM32\DEMO\STM32F10xUSBW\Examples\Demos\Virtual_COM_Port\project\RTE
  D:\Program Files (x86)\MDK516A\ARM\PACK\ARM\CMSIS\5.0.0-Beta4\CMSIS\Include
  D:\Program Files (x86)\MDK516A\ARM\PACK\Keil\STM32F1xx_DFP\2.1.0\Device\Include

<h2>Collection of Component Files used:</h2>

   * Component: ARM::CMSIS:CORE:5.0.0
Build Time Elapsed:  00:00:08
</pre>
</body>
</html>
